#-----------------------------------------------------------
# Vivado v2024.2 (64-bit)
# SW Build 5239630 on Fri Nov 08 22:35:27 MST 2024
# IP Build 5239520 on Sun Nov 10 16:12:51 MST 2024
# SharedData Build 5239561 on Fri Nov 08 14:39:27 MST 2024
# Start of session at: Mon Jun  2 15:33:26 2025
# Process ID         : 1588
# Current directory  : D:/4y3l/Anul_1/Semestrul_2/Digital System Design/Vivado Projects/train_ticket_dispenser_b3/train_ticket_dispenser_b3.runs/synth_1
# Command line       : vivado.exe -log CHANGE_ALG.vds -product Vivado -mode batch -messageDb vivado.pb -notrace -source CHANGE_ALG.tcl
# Log file           : D:/4y3l/Anul_1/Semestrul_2/Digital System Design/Vivado Projects/train_ticket_dispenser_b3/train_ticket_dispenser_b3.runs/synth_1/CHANGE_ALG.vds
# Journal file       : D:/4y3l/Anul_1/Semestrul_2/Digital System Design/Vivado Projects/train_ticket_dispenser_b3/train_ticket_dispenser_b3.runs/synth_1\vivado.jou
# Running On         : DESKTOP-K6LVBJO
# Platform           : Windows Server 2016 or Windows 10
# Operating System   : 19045
# Processor Detail   : AMD Ryzen 7 PRO 5875U with Radeon Graphics     
# CPU Frequency      : 1996 MHz
# CPU Physical cores : 8
# CPU Logical cores  : 16
# Host memory        : 15886 MB
# Swap memory        : 2415 MB
# Total Virtual      : 18302 MB
# Available Virtual  : 9962 MB
#-----------------------------------------------------------
source CHANGE_ALG.tcl -notrace
